Archive member included to satisfy reference by file (symbol)

c:/program files (x86)/atmel/studio/7.0/toolchain/avr8/avr8-gnu-toolchain/bin/../lib/gcc/avr/5.4.0/avrxmega2\libgcc.a(_udivmodsi4.o)
                              src/ASF/xmega/drivers/qdec/qdec.o (__udivmodsi4)
c:/program files (x86)/atmel/studio/7.0/toolchain/avr8/avr8-gnu-toolchain/bin/../lib/gcc/avr/5.4.0/avrxmega2\libgcc.a(_exit.o)
                              C:/Program Files (x86)/Atmel/Studio/7.0/Packs/atmel/XMEGAA_DFP/1.1.68/gcc/dev/atxmega32a4u/avrxmega2/crtatxmega32a4u.o (exit)
c:/program files (x86)/atmel/studio/7.0/toolchain/avr8/avr8-gnu-toolchain/bin/../lib/gcc/avr/5.4.0/avrxmega2\libgcc.a(_tablejump2.o)
                              src/ASF/xmega/drivers/qdec/qdec.o (__tablejump2__)
c:/program files (x86)/atmel/studio/7.0/toolchain/avr8/avr8-gnu-toolchain/bin/../lib/gcc/avr/5.4.0/avrxmega2\libgcc.a(_copy_data.o)
                              src/ASF/common/services/sleepmgr/xmega/sleepmgr.o (__do_copy_data)
c:/program files (x86)/atmel/studio/7.0/toolchain/avr8/avr8-gnu-toolchain/bin/../lib/gcc/avr/5.4.0/avrxmega2\libgcc.a(_clear_bss.o)
                              src/ASF/common/services/sleepmgr/xmega/sleepmgr.o (__do_clear_bss)
c:/program files (x86)/atmel/studio/7.0/toolchain/avr8/avr8-gnu-toolchain/bin/../lib/gcc/avr/5.4.0/avrxmega2\libgcc.a(_umulhisi3.o)
                              src/ASF/xmega/drivers/qdec/qdec.o (__umulhisi3)
c:/program files (x86)/atmel/studio/7.0/toolchain/avr8/avr8-gnu-toolchain/bin/../lib/gcc/avr/5.4.0/avrxmega2\libgcc.a(_udivdi3.o)
                              src/ASF/xmega/drivers/qdec/qdec.o (__udivdi3)
c:/program files (x86)/atmel/studio/7.0/toolchain/avr8/avr8-gnu-toolchain/bin/../lib/gcc/avr/5.4.0/avrxmega2\libgcc.a(_udivmod64.o)
                              c:/program files (x86)/atmel/studio/7.0/toolchain/avr8/avr8-gnu-toolchain/bin/../lib/gcc/avr/5.4.0/avrxmega2\libgcc.a(_udivdi3.o) (__udivmod64)
c:/program files (x86)/atmel/studio/7.0/toolchain/avr8/avr8-gnu-toolchain/bin/../lib/gcc/avr/5.4.0/avrxmega2\libgcc.a(_ashldi3.o)
                              src/ASF/xmega/drivers/qdec/qdec.o (__ashldi3)
c:/program files (x86)/atmel/studio/7.0/toolchain/avr8/avr8-gnu-toolchain/bin/../lib/gcc/avr/5.4.0/avrxmega2\libgcc.a(_adddi3.o)
                              src/ASF/xmega/drivers/qdec/qdec.o (__adddi3)
c:/program files (x86)/atmel/studio/7.0/toolchain/avr8/avr8-gnu-toolchain/bin/../lib/gcc/avr/5.4.0/avrxmega2\libgcc.a(_subdi3.o)
                              src/ASF/xmega/drivers/qdec/qdec.o (__subdi3)
c:/program files (x86)/atmel/studio/7.0/toolchain/avr8/avr8-gnu-toolchain/bin/../lib/gcc/avr/5.4.0/../../../../avr/lib/avrxmega2\libc.a(memcpy.o)
                              src/ASF/xmega/drivers/nvm/nvm.o (memcpy)

Allocating common symbols
Common symbol       size              file

sleepmgr_locks      0x6               src/ASF/common/services/sleepmgr/xmega/sleepmgr.o

Discarded input sections

 .data          0x00000000        0x0 C:/Program Files (x86)/Atmel/Studio/7.0/Packs/atmel/XMEGAA_DFP/1.1.68/gcc/dev/atxmega32a4u/avrxmega2/crtatxmega32a4u.o
 .bss           0x00000000        0x0 C:/Program Files (x86)/Atmel/Studio/7.0/Packs/atmel/XMEGAA_DFP/1.1.68/gcc/dev/atxmega32a4u/avrxmega2/crtatxmega32a4u.o
 .group         0x00000000        0x8 src/ASF/common/boards/user_board/init.o
 .group         0x00000000        0x8 src/ASF/common/boards/user_board/init.o
 .group         0x00000000        0x8 src/ASF/common/boards/user_board/init.o
 .group         0x00000000        0x8 src/ASF/common/boards/user_board/init.o
 .group         0x00000000        0x8 src/ASF/common/boards/user_board/init.o
 .group         0x00000000        0x8 src/ASF/common/boards/user_board/init.o
 .group         0x00000000        0x8 src/ASF/common/boards/user_board/init.o
 .group         0x00000000        0x8 src/ASF/common/boards/user_board/init.o
 .group         0x00000000        0x8 src/ASF/common/boards/user_board/init.o
 .group         0x00000000        0x8 src/ASF/common/boards/user_board/init.o
 .group         0x00000000        0x8 src/ASF/common/boards/user_board/init.o
 .group         0x00000000        0x8 src/ASF/common/boards/user_board/init.o
 .group         0x00000000        0x8 src/ASF/common/boards/user_board/init.o
 .group         0x00000000        0x8 src/ASF/common/boards/user_board/init.o
 .group         0x00000000        0x8 src/ASF/common/boards/user_board/init.o
 .group         0x00000000        0x8 src/ASF/common/boards/user_board/init.o
 .group         0x00000000        0x8 src/ASF/common/boards/user_board/init.o
 .group         0x00000000        0x8 src/ASF/common/boards/user_board/init.o
 .group         0x00000000        0x8 src/ASF/common/boards/user_board/init.o
 .group         0x00000000        0x8 src/ASF/common/boards/user_board/init.o
 .group         0x00000000        0x8 src/ASF/common/boards/user_board/init.o
 .group         0x00000000        0x8 src/ASF/common/boards/user_board/init.o
[...]
Memory Configuration

Name             Origin             Length             Attributes
text             0x00000000         0x00100000         xr
data             0x00802000         0x0000ffa0         rw !x
eeprom           0x00810000         0x00010000         rw !x
fuse             0x00820000         0x00000006         rw !x
lock             0x00830000         0x00000400         rw !x
signature        0x00840000         0x00000400         rw !x
user_signatures  0x00850000         0x00000400         rw !x
*default*        0x00000000         0xffffffff

Linker script and memory map

LOAD C:/Program Files (x86)/Atmel/Studio/7.0/Packs/atmel/XMEGAA_DFP/1.1.68/gcc/dev/atxmega32a4u/avrxmega2/crtatxmega32a4u.o
LOAD src/ASF/common/boards/user_board/init.o
LOAD src/ASF/common/services/clock/xmega/sysclk.o
LOAD src/ASF/common/services/ioport/xmega/ioport_compat.o
LOAD src/ASF/common/services/serial/usart_serial.o
LOAD src/ASF/common/services/sleepmgr/xmega/sleepmgr.o
LOAD src/ASF/xmega/drivers/cpu/ccp.o
LOAD src/ASF/xmega/drivers/nvm/nvm.o
LOAD src/ASF/xmega/drivers/nvm/nvm_asm.o
LOAD src/ASF/xmega/drivers/qdec/qdec.o
LOAD src/ASF/xmega/drivers/tc/tc.o
LOAD src/ASF/xmega/drivers/usart/usart.o
LOAD src/main.o
START GROUP
LOAD c:/program files (x86)/atmel/studio/7.0/toolchain/avr8/avr8-gnu-toolchain/bin/../lib/gcc/avr/5.4.0/../../../../avr/lib/avrxmega2\libm.a
END GROUP
START GROUP
LOAD c:/program files (x86)/atmel/studio/7.0/toolchain/avr8/avr8-gnu-toolchain/bin/../lib/gcc/avr/5.4.0/avrxmega2\libgcc.a
LOAD c:/program files (x86)/atmel/studio/7.0/toolchain/avr8/avr8-gnu-toolchain/bin/../lib/gcc/avr/5.4.0/../../../../avr/lib/avrxmega2\libm.a
LOAD c:/program files (x86)/atmel/studio/7.0/toolchain/avr8/avr8-gnu-toolchain/bin/../lib/gcc/avr/5.4.0/../../../../avr/lib/avrxmega2\libc.a
LOAD C:/Program Files (x86)/Atmel/Studio/7.0/Packs/atmel/XMEGAA_DFP/1.1.68/gcc/dev/atxmega32a4u/avrxmega2\libatxmega32a4u.a
END GROUP
                0x00100000                __TEXT_REGION_LENGTH__ = DEFINED (__TEXT_REGION_LENGTH__)?__TEXT_REGION_LENGTH__:0x100000
                0x0000ffa0                __DATA_REGION_LENGTH__ = DEFINED (__DATA_REGION_LENGTH__)?__DATA_REGION_LENGTH__:0xffa0
                0x00010000                __EEPROM_REGION_LENGTH__ = DEFINED (__EEPROM_REGION_LENGTH__)?__EEPROM_REGION_LENGTH__:0x10000
                [0x00000006]                __FUSE_REGION_LENGTH__ = DEFINED (__FUSE_REGION_LENGTH__)?__FUSE_REGION_LENGTH__:0x400
                0x00000400                __LOCK_REGION_LENGTH__ = DEFINED (__LOCK_REGION_LENGTH__)?__LOCK_REGION_LENGTH__:0x400
                0x00000400                __SIGNATURE_REGION_LENGTH__ = DEFINED (__SIGNATURE_REGION_LENGTH__)?__SIGNATURE_REGION_LENGTH__:0x400
                0x00000400                __USER_SIGNATURE_REGION_LENGTH__ = DEFINED (__USER_SIGNATURE_REGION_LENGTH__)?__USER_SIGNATURE_REGION_LENGTH__:0x400

.hash
 *(.hash)

.dynsym
 *(.dynsym)

.dynstr
 *(.dynstr)

.gnu.version
 *(.gnu.version)

.gnu.version_d
 *(.gnu.version_d)

.gnu.version_r
 *(.gnu.version_r)

.rel.init
 *(.rel.init)

.rela.init
 *(.rela.init)

.rel.text
 *(.rel.text)
 *(.rel.text.*)
 *(.rel.gnu.linkonce.t*)

.rela.text
 *(.rela.text)
 *(.rela.text.*)
 *(.rela.gnu.linkonce.t*)

.rel.fini
 *(.rel.fini)

.rela.fini
 *(.rela.fini)

.rel.rodata
 *(.rel.rodata)
 *(.rel.rodata.*)
 *(.rel.gnu.linkonce.r*)

.rela.rodata
 *(.rela.rodata)
 *(.rela.rodata.*)
 *(.rela.gnu.linkonce.r*)

.rel.data
 *(.rel.data)
 *(.rel.data.*)
 *(.rel.gnu.linkonce.d*)

.rela.data
 *(.rela.data)
 *(.rela.data.*)
 *(.rela.gnu.linkonce.d*)

.rel.ctors
 *(.rel.ctors)

.rela.ctors
 *(.rela.ctors)

.rel.dtors
 *(.rel.dtors)

.rela.dtors
 *(.rela.dtors)

.rel.got
 *(.rel.got)

.rela.got
 *(.rela.got)

.rel.bss
 *(.rel.bss)

.rela.bss
 *(.rela.bss)

.rel.plt
 *(.rel.plt)

.rela.plt
 *(.rela.plt)

.text           0x00000000      0xcd8
 *(.vectors)
 .vectors       0x00000000      0x1fc C:/Program Files (x86)/Atmel/Studio/7.0/Packs/atmel/XMEGAA_DFP/1.1.68/gcc/dev/atxmega32a4u/avrxmega2/crtatxmega32a4u.o
                0x00000000                __vector_default
                0x00000000                __vectors
 *(.vectors)
 *(.progmem.gcc*)
                0x000001fc                . = ALIGN (0x2)
                0x000001fc                __trampolines_start = .
 *(.trampolines)
 .trampolines   0x000001fc        0x0 linker stubs
 *(.trampolines*)
                0x000001fc                __trampolines_end = .
 *libprintf_flt.a:*(.progmem.data)
 *libc.a:*(.progmem.data)
 *(.progmem*)
                0x000001fc                . = ALIGN (0x2)
 *(.jumptables)
 *(.jumptables*)
 *(.lowtext)
 *(.lowtext*)
                0x000001fc                __ctors_start = .
 *(.ctors)
                0x000001fc                __ctors_end = .
                0x000001fc                __dtors_start = .
 *(.dtors)
                0x000001fc                __dtors_end = .
 SORT(*)(.ctors)
 SORT(*)(.dtors)
 *(.init0)
 .init0         0x000001fc        0x0 C:/Program Files (x86)/Atmel/Studio/7.0/Packs/atmel/XMEGAA_DFP/1.1.68/gcc/dev/atxmega32a4u/avrxmega2/crtatxmega32a4u.o
                0x000001fc                __init
 *(.init0)
 *(.init1)
 *(.init1)
 *(.init2)
 .init2         0x000001fc        0xc C:/Program Files (x86)/Atmel/Studio/7.0/Packs/atmel/XMEGAA_DFP/1.1.68/gcc/dev/atxmega32a4u/avrxmega2/crtatxmega32a4u.o
 *(.init2)
 *(.init3)
 *(.init3)
 *(.init4)
 .init4         0x00000208       0x16 c:/program files (x86)/atmel/studio/7.0/toolchain/avr8/avr8-gnu-toolchain/bin/../lib/gcc/avr/5.4.0/avrxmega2\libgcc.a(_copy_data.o)
                0x00000208                __do_copy_data
 .init4         0x0000021e       0x10 c:/program files (x86)/atmel/studio/7.0/toolchain/avr8/avr8-gnu-toolchain/bin/../lib/gcc/avr/5.4.0/avrxmega2\libgcc.a(_clear_bss.o)
                0x0000021e                __do_clear_bss
 *(.init4)
 *(.init5)
 *(.init5)
 *(.init6)
 *(.init6)
 *(.init7)
 *(.init7)
 *(.init8)
 *(.init8)
 *(.init9)
 .init9         0x0000022e        0x4 C:/Program Files (x86)/Atmel/Studio/7.0/Packs/atmel/XMEGAA_DFP/1.1.68/gcc/dev/atxmega32a4u/avrxmega2/crtatxmega32a4u.o
 *(.init9)
 *(.text)
 .text          0x00000232        0x2 C:/Program Files (x86)/Atmel/Studio/7.0/Packs/atmel/XMEGAA_DFP/1.1.68/gcc/dev/atxmega32a4u/avrxmega2/crtatxmega32a4u.o
                0x00000232                __vector_38
                0x00000232                __vector_104
                0x00000232                __vector_63
                0x00000232                __vector_28
                0x00000232                __vector_67
                0x00000232                __vector_1
                0x00000232                __vector_119
                0x00000232                __vector_32
                0x00000232                __vector_75
                0x00000232                __vector_71
                0x00000232                __vector_91
                0x00000232                __vector_34
                0x00000232                __vector_62
                0x00000232                __vector_102
                0x00000232                __vector_24
                0x00000232                __vector_12
                0x00000232                __vector_55
                0x00000232                __vector_69
                0x00000232                __vector_90
                0x00000232                __vector_46
                0x00000232                __bad_interrupt
                0x00000232                __vector_122
                0x00000232                __vector_72
                0x00000232                __vector_114
                0x00000232                __vector_6
                0x00000232                __vector_110
                0x00000232                __vector_31
                0x00000232                __vector_92
                0x00000232                __vector_35
                0x00000232                __vector_74
                0x00000232                __vector_117
                0x00000232                __vector_39
                0x00000232                __vector_107
                0x00000232                __vector_3
                0x00000232                __vector_105
                0x00000232                __vector_98
                0x00000232                __vector_68
                0x00000232                __vector_30
                0x00000232                __vector_73
                0x00000232                __vector_45
                0x00000232                __vector_25
                0x00000232                __vector_93
                0x00000232                __vector_61
                0x00000232                __vector_11
                0x00000232                __vector_54
                0x00000232                __vector_99
                0x00000232                __vector_13
                0x00000232                __vector_56
                0x00000232                __vector_7
                0x00000232                __vector_125
                0x00000232                __vector_123
                0x00000232                __vector_41
                0x00000232                __vector_100
                0x00000232                __vector_101
                0x00000232                __vector_64
                0x00000232                __vector_88
                0x00000232                __vector_109
                0x00000232                __vector_43
                0x00000232                __vector_27
                0x00000232                __vector_5
                0x00000232                __vector_113
                0x00000232                __vector_33
                0x00000232                __vector_76
                0x00000232                __vector_115
                0x00000232                __vector_37
                0x00000232                __vector_95
                0x00000232                __vector_103
                0x00000232                __vector_96
                0x00000232                __vector_89
                0x00000232                __vector_108
                0x00000232                __vector_4
                0x00000232                __vector_44
                0x00000232                __vector_106
                0x00000232                __vector_118
                0x00000232                __vector_9
                0x00000232                __vector_2
                0x00000232                __vector_66
                0x00000232                __vector_36
                0x00000232                __vector_70
                0x00000232                __vector_29
                0x00000232                __vector_60
                0x00000232                __vector_121
                0x00000232                __vector_40
                0x00000232                __vector_94
                0x00000232                __vector_126
                0x00000232                __vector_8
                0x00000232                __vector_26
                0x00000232                __vector_124
                0x00000232                __vector_116
                0x00000232                __vector_112
                0x00000232                __vector_111
                0x00000232                __vector_57
                0x00000232                __vector_53
                0x00000232                __vector_10
                0x00000232                __vector_59
                0x00000232                __vector_97
                0x00000232                __vector_42
                0x00000232                __vector_87
                0x00000232                __vector_65
                0x00000232                __vector_120
                0x00000234                . = ALIGN (0x2)
 *(.text.*)
 .text.__vector_14
                0x00000234       0x52 src/ASF/xmega/drivers/tc/tc.o
                0x00000234                __vector_14
 .text.__vector_15
                0x00000286       0x52 src/ASF/xmega/drivers/tc/tc.o
                0x00000286                __vector_15
 .text.__vector_16
                0x000002d8       0x52 src/ASF/xmega/drivers/tc/tc.o
                0x000002d8                __vector_16
 .text.__vector_17
                0x0000032a       0x52 src/ASF/xmega/drivers/tc/tc.o
                0x0000032a                __vector_17
 .text.__vector_18
                0x0000037c       0x52 src/ASF/xmega/drivers/tc/tc.o
                0x0000037c                __vector_18
 .text.__vector_19
                0x000003ce       0x52 src/ASF/xmega/drivers/tc/tc.o
                0x000003ce                __vector_19
 .text.__vector_20
                0x00000420       0x52 src/ASF/xmega/drivers/tc/tc.o
                0x00000420                __vector_20
 .text.__vector_21
                0x00000472       0x52 src/ASF/xmega/drivers/tc/tc.o
                0x00000472                __vector_21
 .text.__vector_22
                0x000004c4       0x52 src/ASF/xmega/drivers/tc/tc.o
                0x000004c4                __vector_22
 .text.__vector_23
                0x00000516       0x52 src/ASF/xmega/drivers/tc/tc.o
                0x00000516                __vector_23
 .text.__vector_77
                0x00000568       0x52 src/ASF/xmega/drivers/tc/tc.o
                0x00000568                __vector_77
 .text.__vector_78
                0x000005ba       0x52 src/ASF/xmega/drivers/tc/tc.o
                0x000005ba                __vector_78
 .text.__vector_79
                0x0000060c       0x52 src/ASF/xmega/drivers/tc/tc.o
                0x0000060c                __vector_79
 .text.__vector_80
                0x0000065e       0x52 src/ASF/xmega/drivers/tc/tc.o
                0x0000065e                __vector_80
 .text.__vector_81
                0x000006b0       0x52 src/ASF/xmega/drivers/tc/tc.o
                0x000006b0                __vector_81
 .text.__vector_82
                0x00000702       0x52 src/ASF/xmega/drivers/tc/tc.o
                0x00000702                __vector_82
 .text.__vector_83
                0x00000754       0x52 src/ASF/xmega/drivers/tc/tc.o
                0x00000754                __vector_83
 .text.__vector_84
                0x000007a6       0x52 src/ASF/xmega/drivers/tc/tc.o
                0x000007a6                __vector_84
 .text.__vector_85
                0x000007f8       0x52 src/ASF/xmega/drivers/tc/tc.o
                0x000007f8                __vector_85
 .text.__vector_86
                0x0000084a       0x52 src/ASF/xmega/drivers/tc/tc.o
                0x0000084a                __vector_86
 .text.__vector_47
                0x0000089c       0x52 src/ASF/xmega/drivers/tc/tc.o
                0x0000089c                __vector_47
 .text.__vector_48
                0x000008ee       0x52 src/ASF/xmega/drivers/tc/tc.o
                0x000008ee                __vector_48
 .text.__vector_49
                0x00000940       0x52 src/ASF/xmega/drivers/tc/tc.o
                0x00000940                __vector_49
 .text.__vector_50
                0x00000992       0x52 src/ASF/xmega/drivers/tc/tc.o
                0x00000992                __vector_50
 .text.__vector_51
                0x000009e4       0x52 src/ASF/xmega/drivers/tc/tc.o
                0x000009e4                __vector_51
 .text.__vector_52
                0x00000a36       0x52 src/ASF/xmega/drivers/tc/tc.o
                0x00000a36                __vector_52
 .text.resetPosition
                0x00000a88       0x1e src/main.o
                0x00000a88                resetPosition
 .text.initProximalQdec
                0x00000aa6       0x3c src/main.o
                0x00000aa6                initProximalQdec
 .text.initMedialQdec
                0x00000ae2       0x3a src/main.o
                0x00000ae2                initMedialQdec
 .text.initDistalQdec
                0x00000b1c       0x3c src/main.o
                0x00000b1c                initDistalQdec
 .text.initLed  0x00000b58       0x10 src/main.o
                0x00000b58                initLed
 .text.initUart
                0x00000b68       0x3e src/main.o
                0x00000b68                initUart
 .text.main     0x00000ba6        0xe src/main.o
                0x00000ba6                main
 .text.sendMsg  0x00000bb4       0x20 src/main.o
                0x00000bb4                sendMsg
 .text.sendByte
                0x00000bd4       0x10 src/main.o
                0x00000bd4                sendByte
 .text.sendEscByte
                0x00000be4       0x22 src/main.o
                0x00000be4                sendEscByte
 .text.sendData
                0x00000c06       0x46 src/main.o
                0x00000c06                sendData
 .text.__vector_58
                0x00000c4c       0x88 src/main.o
                0x00000c4c                __vector_58
                0x00000cd4                . = ALIGN (0x2)
 *(.fini9)
 .fini9         0x00000cd4        0x0 c:/program files (x86)/atmel/studio/7.0/toolchain/avr8/avr8-gnu-toolchain/bin/../lib/gcc/avr/5.4.0/avrxmega2\libgcc.a(_exit.o)
                0x00000cd4                _exit
                0x00000cd4                exit
 *(.fini9)
 *(.fini8)
 *(.fini8)
 *(.fini7)
 *(.fini7)
 *(.fini6)
 *(.fini6)
 *(.fini5)
 *(.fini5)
 *(.fini4)
 *(.fini4)
 *(.fini3)
 *(.fini3)
 *(.fini2)
 *(.fini2)
 *(.fini1)
 *(.fini1)
 *(.fini0)
 .fini0         0x00000cd4        0x4 c:/program files (x86)/atmel/studio/7.0/toolchain/avr8/avr8-gnu-toolchain/bin/../lib/gcc/avr/5.4.0/avrxmega2\libgcc.a(_exit.o)
 *(.fini0)
                0x00000cd8                _etext = .

.data           0x00802000       0x36 load address 0x00000cd8
                0x00802000                PROVIDE (__data_start, .)
 *(.data)
 *(.data*)
 *(.gnu.linkonce.d*)
 *(.rodata)
 *(.rodata*)
 .rodata.str1.1
                0x00802000       0x36 src/main.o
 *(.gnu.linkonce.r*)
                0x00802036                . = ALIGN (0x2)
                0x00802036                _edata = .
                0x00802036                PROVIDE (__data_end, .)

.bss            0x00802036       0x34
                0x00802036                PROVIDE (__bss_start, .)
 *(.bss)
 *(.bss*)
 .bss.tc_tce0_ccd_callback
                0x00802036        0x2 src/ASF/xmega/drivers/tc/tc.o
 .bss.tc_tce0_ccc_callback
                0x00802038        0x2 src/ASF/xmega/drivers/tc/tc.o
 .bss.tc_tce0_ccb_callback
                0x0080203a        0x2 src/ASF/xmega/drivers/tc/tc.o
 .bss.tc_tce0_cca_callback
                0x0080203c        0x2 src/ASF/xmega/drivers/tc/tc.o
 .bss.tc_tce0_err_callback
                0x0080203e        0x2 src/ASF/xmega/drivers/tc/tc.o
 .bss.tc_tce0_ovf_callback
                0x00802040        0x2 src/ASF/xmega/drivers/tc/tc.o
 .bss.tc_tcd1_ccb_callback
                0x00802042        0x2 src/ASF/xmega/drivers/tc/tc.o
 .bss.tc_tcd1_cca_callback
                0x00802044        0x2 src/ASF/xmega/drivers/tc/tc.o
 .bss.tc_tcd1_err_callback
                0x00802046        0x2 src/ASF/xmega/drivers/tc/tc.o
 .bss.tc_tcd1_ovf_callback
                0x00802048        0x2 src/ASF/xmega/drivers/tc/tc.o
 .bss.tc_tcd0_ccd_callback
                0x0080204a        0x2 src/ASF/xmega/drivers/tc/tc.o
 .bss.tc_tcd0_ccc_callback
                0x0080204c        0x2 src/ASF/xmega/drivers/tc/tc.o
 .bss.tc_tcd0_ccb_callback
                0x0080204e        0x2 src/ASF/xmega/drivers/tc/tc.o
 .bss.tc_tcd0_cca_callback
                0x00802050        0x2 src/ASF/xmega/drivers/tc/tc.o
 .bss.tc_tcd0_err_callback
                0x00802052        0x2 src/ASF/xmega/drivers/tc/tc.o
 .bss.tc_tcd0_ovf_callback
                0x00802054        0x2 src/ASF/xmega/drivers/tc/tc.o
 .bss.tc_tcc1_ccb_callback
                0x00802056        0x2 src/ASF/xmega/drivers/tc/tc.o
 .bss.tc_tcc1_cca_callback
                0x00802058        0x2 src/ASF/xmega/drivers/tc/tc.o
 .bss.tc_tcc1_err_callback
                0x0080205a        0x2 src/ASF/xmega/drivers/tc/tc.o
 .bss.tc_tcc1_ovf_callback
                0x0080205c        0x2 src/ASF/xmega/drivers/tc/tc.o
 .bss.tc_tcc0_ccd_callback
                0x0080205e        0x2 src/ASF/xmega/drivers/tc/tc.o
 .bss.tc_tcc0_ccc_callback
                0x00802060        0x2 src/ASF/xmega/drivers/tc/tc.o
 .bss.tc_tcc0_ccb_callback
                0x00802062        0x2 src/ASF/xmega/drivers/tc/tc.o
 .bss.tc_tcc0_cca_callback
                0x00802064        0x2 src/ASF/xmega/drivers/tc/tc.o
 .bss.tc_tcc0_err_callback
                0x00802066        0x2 src/ASF/xmega/drivers/tc/tc.o
 .bss.tc_tcc0_ovf_callback
                0x00802068        0x2 src/ASF/xmega/drivers/tc/tc.o
 *(COMMON)
                0x0080206a                PROVIDE (__bss_end, .)
                0x00000cd8                __data_load_start = LOADADDR (.data)
                0x00000d0e                __data_load_end = (__data_load_start + SIZEOF (.data))

.noinit         0x0080206a        0x0
                [!provide]                PROVIDE (__noinit_start, .)
 *(.noinit*)
                [!provide]                PROVIDE (__noinit_end, .)
                0x0080206a                _end = .
                [!provide]                PROVIDE (__heap_start, .)

.eeprom         0x00810000        0x0
 *(.eeprom*)
                0x00810000                __eeprom_end = .

.fuse
 *(.fuse)
 *(.lfuse)
 *(.hfuse)
 *(.efuse)

.lock
 *(.lock*)

.signature
 *(.signature*)

.user_signatures
 *(.user_signatures*)

.stab
 *(.stab)

.stabstr
 *(.stabstr)

.stab.excl
 *(.stab.excl)

.stab.exclstr
 *(.stab.exclstr)

.stab.index
 *(.stab.index)

.stab.indexstr
 *(.stab.indexstr)

.comment        0x00000000       0x30
 *(.comment)
 .comment       0x00000000       0x30 src/ASF/xmega/drivers/tc/tc.o
                                 0x31 (size before relaxing)
 .comment       0x00000030       0x31 src/main.o

.note.gnu.avr.deviceinfo
                0x00000000       0x40
 .note.gnu.avr.deviceinfo
                0x00000000       0x40 C:/Program Files (x86)/Atmel/Studio/7.0/Packs/atmel/XMEGAA_DFP/1.1.68/gcc/dev/atxmega32a4u/avrxmega2/crtatxmega32a4u.o

.note.gnu.build-id
 *(.note.gnu.build-id)

.debug
 *(.debug)

.line
 *(.line)

.debug_srcinfo
 *(.debug_srcinfo)

.debug_sfnames
 *(.debug_sfnames)

.debug_aranges  0x00000000      0x1b0
 *(.debug_aranges)
 .debug_aranges
                0x00000000      0x128 src/ASF/xmega/drivers/tc/tc.o
 .debug_aranges
                0x00000128       0x88 src/main.o

.debug_pubnames
 *(.debug_pubnames)

.debug_info     0x00000000     0x5777
 *(.debug_info .gnu.linkonce.wi.*)
 .debug_info    0x00000000     0x284f C:/Program Files (x86)/Atmel/Studio/7.0/Packs/atmel/XMEGAA_DFP/1.1.68/gcc/dev/atxmega32a4u/avrxmega2/crtatxmega32a4u.o
 .debug_info    0x0000284f     0x16da src/ASF/xmega/drivers/tc/tc.o
 .debug_info    0x00003f29     0x184e src/main.o

.debug_abbrev   0x00000000     0x2ad9
 *(.debug_abbrev)
 .debug_abbrev  0x00000000     0x262c C:/Program Files (x86)/Atmel/Studio/7.0/Packs/atmel/XMEGAA_DFP/1.1.68/gcc/dev/atxmega32a4u/avrxmega2/crtatxmega32a4u.o
 .debug_abbrev  0x0000262c      0x29b src/ASF/xmega/drivers/tc/tc.o
 .debug_abbrev  0x000028c7      0x212 src/main.o

.debug_line     0x00000000     0x1b6e
 *(.debug_line .debug_line.* .debug_line_end)
 .debug_line    0x00000000      0x391 C:/Program Files (x86)/Atmel/Studio/7.0/Packs/atmel/XMEGAA_DFP/1.1.68/gcc/dev/atxmega32a4u/avrxmega2/crtatxmega32a4u.o
 .debug_line    0x00000391      0xcb1 src/ASF/xmega/drivers/tc/tc.o
 .debug_line    0x00001042      0xb2c src/main.o

.debug_frame    0x00000000      0xb18
 *(.debug_frame)
 .debug_frame   0x00000000      0x9b4 src/ASF/xmega/drivers/tc/tc.o
 .debug_frame   0x000009b4      0x164 src/main.o

.debug_str      0x00000000    0x2bf7f
 *(.debug_str)
 .debug_str     0x00000000     0x1aa8 C:/Program Files (x86)/Atmel/Studio/7.0/Packs/atmel/XMEGAA_DFP/1.1.68/gcc/dev/atxmega32a4u/avrxmega2/crtatxmega32a4u.o
 .debug_str     0x00001aa8    0x2837d src/ASF/xmega/drivers/tc/tc.o
                              0x28a0a (size before relaxing)
 .debug_str     0x00029e25     0x215a src/main.o
                              0x2a4ca (size before relaxing)

.debug_loc      0x00000000     0x1897
 *(.debug_loc)
 .debug_loc     0x00000000     0x1608 src/ASF/xmega/drivers/tc/tc.o
 .debug_loc     0x00001608      0x28f src/main.o

.debug_macinfo
 *(.debug_macinfo)

.debug_weaknames
 *(.debug_weaknames)

.debug_funcnames
 *(.debug_funcnames)

.debug_typenames
 *(.debug_typenames)

.debug_varnames
 *(.debug_varnames)

.debug_pubtypes
 *(.debug_pubtypes)

.debug_ranges   0x00000000      0x190
 *(.debug_ranges)
 .debug_ranges  0x00000000      0x118 src/ASF/xmega/drivers/tc/tc.o
 .debug_ranges  0x00000118       0x78 src/main.o

.debug_macro    0x00000000      0xbd5
 *(.debug_macro)
 .debug_macro   0x00000000      0x230 src/ASF/xmega/drivers/tc/tc.o
 .debug_macro   0x00000230      0x302 src/ASF/xmega/drivers/tc/tc.o
 .debug_macro   0x00000532      0x312 src/main.o
 .debug_macro   0x00000844       0x58 src/main.o
 .debug_macro   0x0000089c       0x10 src/main.o
 .debug_macro   0x000008ac       0x97 src/main.o
 .debug_macro   0x00000943       0xf2 src/main.o
 .debug_macro   0x00000a35       0xaa src/main.o
 .debug_macro   0x00000adf       0xf6 src/main.o
OUTPUT(atxmega_qenc.elf elf32-avr)
LOAD linker stubs
